{
  "Resources": {
    "Bucket83908E77": {
      "Type": "AWS::S3::Bucket",
      "UpdateReplacePolicy": "Delete",
      "DeletionPolicy": "Delete"
    },
    "Role1ABCC5F0": {
      "Type": "AWS::IAM::Role",
      "Properties": {
        "AssumeRolePolicyDocument": {
          "Statement": [
            {
              "Action": "sts:AssumeRole",
              "Effect": "Allow",
              "Principal": {
                "Service": "firehose.amazonaws.com"
              }
            }
          ],
          "Version": "2012-10-17"
        }
      }
    },
    "DeliveryStreamServiceRole964EEBCC": {
      "Type": "AWS::IAM::Role",
      "Properties": {
        "AssumeRolePolicyDocument": {
          "Statement": [
            {
              "Action": "sts:AssumeRole",
              "Effect": "Allow",
              "Principal": {
                "Service": "firehose.amazonaws.com"
              }
            }
          ],
          "Version": "2012-10-17"
        }
      }
    },
    "DeliveryStreamF6D5572D": {
      "Type": "AWS::KinesisFirehose::DeliveryStream",
      "Properties": {
        "DeliveryStreamType": "DirectPut",
        "S3DestinationConfiguration": {
          "BucketARN": {
            "Fn::GetAtt": [
              "Bucket83908E77",
              "Arn"
            ]
          },
          "RoleARN": {
            "Fn::GetAtt": [
              "Role1ABCC5F0",
              "Arn"
            ]
          }
        }
      },
      "DependsOn": [
        "DeliveryStreamServiceRole964EEBCC"
      ]
    }
  },
  "Mappings": {
    "DeliveryStreamFirehoseCIDRMappingE9233479": {
      "us-east-1": {
        "FirehoseCidrBlock": "52.70.63.192/27"
      },
      "us-east-2": {
        "FirehoseCidrBlock": "13.58.135.96/27"
      },
      "us-west-1": {
        "FirehoseCidrBlock": "13.57.135.192/27"
      },
      "us-west-2": {
        "FirehoseCidrBlock": "52.89.255.224/27"
      }
    }
  }
}